# 2
alexandra@alexandra-VirtualBox:~$ sudo apt update
[sudo] пароль для alexandra: 
Пол:1 http://ru.archive.ubuntu.com/ubuntu jammy InRelease [270 kB]
Сущ:2 http://ru.archive.ubuntu.com/ubuntu jammy-updates InRelease             
Сущ:3 http://ru.archive.ubuntu.com/ubuntu jammy-backports InRelease           
Сущ:4 http://security.ubuntu.com/ubuntu jammy-security InRelease              
Получено 270 kB за 1с (380 kB/s)          
Чтение списков пакетов… Готово
Построение дерева зависимостей… Готово
Чтение информации о состоянии… Готово         
Может быть обновлено 9 пакетов. Запустите «apt list --upgradable» для их показа.
alexandra@alexandra-VirtualBox:~$ sudo apt install apt-transport-https ca-certificates curl software-properties-common -y
Чтение списков пакетов… Готово
Построение дерева зависимостей… Готово
Чтение информации о состоянии… Готово         
Уже установлен пакет ca-certificates самой новой версии (20211016).
ca-certificates помечен как установленный вручную.
Уже установлен пакет software-properties-common самой новой версии (0.99.22.1).
software-properties-common помечен как установленный вручную.
Следующие НОВЫЕ пакеты будут установлены:
  apt-transport-https curl
Обновлено 0 пакетов, установлено 2 новых пакетов, для удаления отмечено 0 пакетов, и 9 пакетов не обновлено.
Необходимо скачать 196 kB архивов.
После данной операции объём занятого дискового пространства возрастёт на 622 kB.
Пол:1 http://ru.archive.ubuntu.com/ubuntu jammy/universe amd64 apt-transport-https all 2.4.5 [1 512 B]
Пол:2 http://ru.archive.ubuntu.com/ubuntu jammy-updates/main amd64 curl amd64 7.81.0-1ubuntu1.2 [194 kB]
Получено 196 kB за 0с (2 107 kB/s)         
Выбор ранее не выбранного пакета apt-transport-https.
(Чтение базы данных … на данный момент установлено 206333 файла и каталога.)
Подготовка к распаковке …/apt-transport-https_2.4.5_all.deb …
Распаковывается apt-transport-https (2.4.5) …
Выбор ранее не выбранного пакета curl.
Подготовка к распаковке …/curl_7.81.0-1ubuntu1.2_amd64.deb …
Распаковывается curl (7.81.0-1ubuntu1.2) …
Настраивается пакет apt-transport-https (2.4.5) …
Настраивается пакет curl (7.81.0-1ubuntu1.2) …
Обрабатываются триггеры для man-db (2.10.2-1) …
alexandra@alexandra-VirtualBox:~$ curl -fsSL https://download.docker.com/linux/ubuntu/gpg | sudo apt-key add -
Warning: apt-key is deprecated. Manage keyring files in trusted.gpg.d instead (see apt-key(8)).
OK
alexandra@alexandra-VirtualBox:~$ sudo add-apt-repository "deb [arch=amd64] https://download.docker.com/linux/ubuntu $(lsb_release -cs) stable"
Репозиторий: 'deb [arch=amd64] https://download.docker.com/linux/ubuntu jammy stable'
Описание:
Archive for codename: jammy components: stable
Дополнительные сведения: https://download.docker.com/linux/ubuntu
Добавление репозитория.
Press [ENTER] to continue or Ctrl-c to cancel.
Adding deb entry to /etc/apt/sources.list.d/archive_uri-https_download_docker_com_linux_ubuntu-jammy.list
Adding disabled deb-src entry to /etc/apt/sources.list.d/archive_uri-https_download_docker_com_linux_ubuntu-jammy.list
Пол:1 http://ru.archive.ubuntu.com/ubuntu jammy InRelease [270 kB]
Сущ:2 http://ru.archive.ubuntu.com/ubuntu jammy-updates InRelease             
Сущ:3 http://ru.archive.ubuntu.com/ubuntu jammy-backports InRelease           
Сущ:4 http://security.ubuntu.com/ubuntu jammy-security InRelease              
Пол:5 https://download.docker.com/linux/ubuntu jammy InRelease [48,9 kB]      
Пол:6 https://download.docker.com/linux/ubuntu jammy/stable amd64 Packages [5 109 B]
Получено 324 kB за 1с (336 kB/s)          
Чтение списков пакетов… Готово
W: https://download.docker.com/linux/ubuntu/dists/jammy/InRelease: Key is stored in legacy trusted.gpg keyring (/etc/apt/trusted.gpg), see the DEPRECATION section in apt-key(8) for details.
alexandra@alexandra-VirtualBox:~$ sudo apt update
Пол:1 http://ru.archive.ubuntu.com/ubuntu jammy InRelease [270 kB]
Сущ:2 http://ru.archive.ubuntu.com/ubuntu jammy-updates InRelease             
Сущ:3 http://ru.archive.ubuntu.com/ubuntu jammy-backports InRelease           
Сущ:4 http://security.ubuntu.com/ubuntu jammy-security InRelease              
Сущ:5 https://download.docker.com/linux/ubuntu jammy InRelease                
Получено 270 kB за 1с (307 kB/s)                             
Чтение списков пакетов… Готово
Построение дерева зависимостей… Готово
Чтение информации о состоянии… Готово         
Может быть обновлено 9 пакетов. Запустите «apt list --upgradable» для их показа.
W: https://download.docker.com/linux/ubuntu/dists/jammy/InRelease: Key is stored in legacy trusted.gpg keyring (/etc/apt/trusted.gpg), see the DEPRECATION section in apt-key(8) for details.
alexandra@alexandra-VirtualBox:~$ sudo apt install docker -y
Чтение списков пакетов… Готово
Построение дерева зависимостей… Готово
Чтение информации о состоянии… Готово         
Будут установлены следующие дополнительные пакеты:
  wmdocker
Следующие НОВЫЕ пакеты будут установлены:
  docker wmdocker
Обновлено 0 пакетов, установлено 2 новых пакетов, для удаления отмечено 0 пакетов, и 9 пакетов не обновлено.
Необходимо скачать 14,3 kB архивов.
После данной операции объём занятого дискового пространства возрастёт на 58,4 kB.
Пол:1 http://ru.archive.ubuntu.com/ubuntu jammy/universe amd64 wmdocker amd64 1.5-2 [13,0 kB]
Пол:2 http://ru.archive.ubuntu.com/ubuntu jammy/universe amd64 docker all 1.5-2 [1 316 B]
Получено 14,3 kB за 0с (107 kB/s)      
Выбор ранее не выбранного пакета wmdocker.
(Чтение базы данных … на данный момент установлено 206344 файла и каталога.)
Подготовка к распаковке …/wmdocker_1.5-2_amd64.deb …
Распаковывается wmdocker (1.5-2) …
Выбор ранее не выбранного пакета docker.
Подготовка к распаковке …/archives/docker_1.5-2_all.deb …
Распаковывается docker (1.5-2) …
Настраивается пакет wmdocker (1.5-2) …
Настраивается пакет docker (1.5-2) …
Обрабатываются триггеры для man-db (2.10.2-1) …
alexandra@alexandra-VirtualBox:~$ sudo apt install docker.io -y
Чтение списков пакетов… Готово
Построение дерева зависимостей… Готово
Чтение информации о состоянии… Готово         
Будут установлены следующие дополнительные пакеты:
  bridge-utils containerd git git-man liberror-perl pigz runc ubuntu-fan
Предлагаемые пакеты:
  ifupdown aufs-tools btrfs-progs cgroupfs-mount | cgroup-lite debootstrap
  docker-doc rinse zfs-fuse | zfsutils git-daemon-run | git-daemon-sysvinit
  git-doc git-email git-gui gitk gitweb git-cvs git-mediawiki git-svn
Следующие НОВЫЕ пакеты будут установлены:
  bridge-utils containerd docker.io git git-man liberror-perl pigz runc
  ubuntu-fan
Обновлено 0 пакетов, установлено 9 новых пакетов, для удаления отмечено 0 пакетов, и 9 пакетов не обновлено.
Необходимо скачать 69,4 MB архивов.
После данной операции объём занятого дискового пространства возрастёт на 303 MB.
Пол:1 http://ru.archive.ubuntu.com/ubuntu jammy/universe amd64 pigz amd64 2.6-1 [63,6 kB]
Пол:2 http://ru.archive.ubuntu.com/ubuntu jammy/main amd64 bridge-utils amd64 1.7-1ubuntu3 [34,4 kB]
Пол:3 http://ru.archive.ubuntu.com/ubuntu jammy/main amd64 runc amd64 1.1.0-0ubuntu1 [4 087 kB]
Пол:4 http://ru.archive.ubuntu.com/ubuntu jammy/main amd64 containerd amd64 1.5.9-0ubuntu3 [27,0 MB]
Пол:5 http://ru.archive.ubuntu.com/ubuntu jammy/universe amd64 docker.io amd64 20.10.12-0ubuntu4 [34,0 MB]
Пол:6 http://ru.archive.ubuntu.com/ubuntu jammy/main amd64 liberror-perl all 0.17029-1 [26,5 kB]
Пол:7 http://ru.archive.ubuntu.com/ubuntu jammy-updates/main amd64 git-man all 1:2.34.1-1ubuntu1.2 [952 kB]
Пол:8 http://ru.archive.ubuntu.com/ubuntu jammy-updates/main amd64 git amd64 1:2.34.1-1ubuntu1.2 [3 130 kB]
Пол:9 http://ru.archive.ubuntu.com/ubuntu jammy/universe amd64 ubuntu-fan all 0.12.16 [35,2 kB]
Получено 69,4 MB за 6с (12,1 MB/s)         
Предварительная настройка пакетов …
Выбор ранее не выбранного пакета pigz.
(Чтение базы данных … на данный момент установлено 206354 файла и каталога.)
Подготовка к распаковке …/0-pigz_2.6-1_amd64.deb …
Распаковывается pigz (2.6-1) …
Выбор ранее не выбранного пакета bridge-utils.
Подготовка к распаковке …/1-bridge-utils_1.7-1ubuntu3_amd64.deb …
Распаковывается bridge-utils (1.7-1ubuntu3) …
Выбор ранее не выбранного пакета runc.
Подготовка к распаковке …/2-runc_1.1.0-0ubuntu1_amd64.deb …
Распаковывается runc (1.1.0-0ubuntu1) …
Выбор ранее не выбранного пакета containerd.
Подготовка к распаковке …/3-containerd_1.5.9-0ubuntu3_amd64.deb …
Распаковывается containerd (1.5.9-0ubuntu3) …
Выбор ранее не выбранного пакета docker.io.
Подготовка к распаковке …/4-docker.io_20.10.12-0ubuntu4_amd64.deb …
Распаковывается docker.io (20.10.12-0ubuntu4) …
Выбор ранее не выбранного пакета liberror-perl.
Подготовка к распаковке …/5-liberror-perl_0.17029-1_all.deb …
Распаковывается liberror-perl (0.17029-1) …
Выбор ранее не выбранного пакета git-man.
Подготовка к распаковке …/6-git-man_1%3a2.34.1-1ubuntu1.2_all.deb …
Распаковывается git-man (1:2.34.1-1ubuntu1.2) …
Выбор ранее не выбранного пакета git.
Подготовка к распаковке …/7-git_1%3a2.34.1-1ubuntu1.2_amd64.deb …
Распаковывается git (1:2.34.1-1ubuntu1.2) …
Выбор ранее не выбранного пакета ubuntu-fan.
Подготовка к распаковке …/8-ubuntu-fan_0.12.16_all.deb …
Распаковывается ubuntu-fan (0.12.16) …
Настраивается пакет runc (1.1.0-0ubuntu1) …
Настраивается пакет liberror-perl (0.17029-1) …
Настраивается пакет bridge-utils (1.7-1ubuntu3) …
Настраивается пакет pigz (2.6-1) …
Настраивается пакет git-man (1:2.34.1-1ubuntu1.2) …
Настраивается пакет containerd (1.5.9-0ubuntu3) …
Created symlink /etc/systemd/system/multi-user.target.wants/containerd.service 
→ /lib/systemd/system/containerd.service.
Настраивается пакет ubuntu-fan (0.12.16) …
Created symlink /etc/systemd/system/multi-user.target.wants/ubuntu-fan.service 
→ /lib/systemd/system/ubuntu-fan.service.
Настраивается пакет docker.io (20.10.12-0ubuntu4) …
Добавляется группа «docker» (GID 136) ...
Готово.
Created symlink /etc/systemd/system/multi-user.target.wants/docker.service → /l
ib/systemd/system/docker.service.
Created symlink /etc/systemd/system/sockets.target.wants/docker.socket → /lib/s
ystemd/system/docker.socket.
Настраивается пакет git (1:2.34.1-1ubuntu1.2) …
Обрабатываются триггеры для man-db (2.10.2-1) …
alexandra@alexandra-VirtualBox:~$ 

# 3
alexandra@alexandra-VirtualBox:~$ sudo docker run -it ubuntu
Unable to find image 'ubuntu:latest' locally
latest: Pulling from library/ubuntu
125a6e411906: Pull complete 
Digest: sha256:26c68657ccce2cb0a31b330cb0be2b5e108d467f641c62e13ab40cbec258c68d
Status: Downloaded newer image for ubuntu:latest
root@f11286cd7765:/# 
root@f11286cd7765:/# exit
exit
alexandra@alexandra-VirtualBox:~$ 

